{
  "details": {
    "best_of_sequences": null,
    "finish_reason": "length",
    "generated_tokens": 10,
    "prefill": [
      {
        "id": 15,
        "logprob": null,
        "text": ","
      },
      {
        "id": 1669,
        "logprob": -5.4414062,
        "text": " il"
      },
      {
        "id": 11580,
        "logprob": -2.3378906,
        "text": " faut"
      },
      {
        "id": 3913,
        "logprob": -4.3554688,
        "text": " tout"
      },
      {
        "id": 39261,
        "logprob": -2.9238281,
        "text": " d'abord"
      }
    ],
    "seed": 1,
    "tokens": [
      {
        "id": 408,
        "logprob": -0.07891846,
        "special": false,
        "text": " que"
      },
      {
        "id": 2997,
        "logprob": -1.2939453,
        "special": false,
        "text": " vous"
      },
      {
        "id": 116938,
        "logprob": -0.8618164,
        "special": false,
        "text": " ayez"
      },
      {
        "id": 447,
        "logprob": 0.0,
        "special": false,
        "text": " un"
      },
      {
        "id": 11299,
        "logprob": -0.20141602,
        "special": false,
        "text": " compte"
      },
      {
        "id": 198236,
        "logprob": -0.4741211,
        "special": false,
        "text": " PayPal"
      },
      {
        "id": 17,
        "logprob": 0.0,
        "special": false,
        "text": "."
      },
      {
        "id": 12424,
        "logprob": -0.6040039,
        "special": false,
        "text": " Pour"
      },
      {
        "id": 11676,
        "logprob": -0.9741211,
        "special": false,
        "text": " cela"
      },
      {
        "id": 915,
        "logprob": -0.31323242,
        "special": false,
        "text": " :"
      }
    ],
    "top_tokens": null
  },
  "generated_text": "Pour d√©guster un ortolan, il faut tout d'abord que vous ayez un compte PayPal. Pour cela :"
}
