{
  "details": {
    "best_of_sequences": null,
    "finish_reason": "length",
    "generated_tokens": 10,
    "prefill": [
      {
        "id": 2,
        "logprob": null,
        "text": "<bos>"
      },
      {
        "id": 2015,
        "logprob": -10.0,
        "text": "Test"
      },
      {
        "id": 3853,
        "logprob": -10.875,
        "text": " request"
      }
    ],
    "seed": 1,
    "tokens": [
      {
        "id": 7539,
        "logprob": -0.73046875,
        "special": false,
        "text": " forms"
      },
      {
        "id": 708,
        "logprob": 0.0,
        "special": false,
        "text": " are"
      },
      {
        "id": 476,
        "logprob": -0.453125,
        "special": false,
        "text": " a"
      },
      {
        "id": 2621,
        "logprob": -2.078125,
        "special": false,
        "text": " key"
      },
      {
        "id": 1702,
        "logprob": -0.20117188,
        "special": false,
        "text": " part"
      },
      {
        "id": 576,
        "logprob": 0.0,
        "special": false,
        "text": " of"
      },
      {
        "id": 573,
        "logprob": 0.0,
        "special": false,
        "text": " the"
      },
      {
        "id": 2185,
        "logprob": -0.765625,
        "special": false,
        "text": " process"
      },
      {
        "id": 604,
        "logprob": 0.0,
        "special": false,
        "text": " for"
      },
      {
        "id": 17583,
        "logprob": -2.609375,
        "special": false,
        "text": " sending"
      }
    ],
    "top_tokens": null
  },
  "generated_text": "Test request forms are a key part of the process for sending"
}
