{
  "details": {
    "best_of_sequences": null,
    "finish_reason": "length",
    "generated_tokens": 10,
    "prefill": [
      {
        "id": 2502,
        "logprob": null,
        "text": " red"
      },
      {
        "id": 13,
        "logprob": -2.734375,
        "text": ","
      },
      {
        "id": 8862,
        "logprob": -3.6875,
        "text": " yellow"
      },
      {
        "id": 13,
        "logprob": -0.40234375,
        "text": ","
      },
      {
        "id": 209,
        "logprob": -8.25,
        "text": " "
      }
    ],
    "seed": 1,
    "tokens": [
      {
        "id": 187,
        "logprob": 0.0,
        "special": false,
        "text": "\n"
      },
      {
        "id": 11863,
        "logprob": -1.3125,
        "special": false,
        "text": "blue"
      },
      {
        "id": 285,
        "logprob": -1.1015625,
        "special": false,
        "text": " and"
      },
      {
        "id": 4759,
        "logprob": 0.0,
        "special": false,
        "text": " green"
      },
      {
        "id": 15,
        "logprob": 0.0,
        "special": false,
        "text": "."
      },
      {
        "id": 380,
        "logprob": -1.65625,
        "special": false,
        "text": " The"
      },
      {
        "id": 3295,
        "logprob": -0.45117188,
        "special": false,
        "text": " color"
      },
      {
        "id": 273,
        "logprob": 0.0,
        "special": false,
        "text": " of"
      },
      {
        "id": 253,
        "logprob": 0.0,
        "special": false,
        "text": " the"
      },
      {
        "id": 2329,
        "logprob": -3.125,
        "special": false,
        "text": " air"
      }
    ],
    "top_tokens": null
  },
  "generated_text": "blue, red, yellow, \nblue and green. The color of the air"
}
