{
  "details": {
    "best_of_sequences": null,
    "finish_reason": "length",
    "generated_tokens": 20,
    "prefill": [
      {
        "id": 589,
        "logprob": null,
        "text": "def"
      },
      {
        "id": 3226,
        "logprob": -8.5859375,
        "text": " ge"
      },
      {
        "id": 21017,
        "logprob": -7.5859375,
        "text": "ometric"
      },
      {
        "id": 81,
        "logprob": -0.26733398,
        "text": "_"
      },
      {
        "id": 6009,
        "logprob": -1.640625,
        "text": "mean"
      },
      {
        "id": 26,
        "logprob": -0.22705078,
        "text": "("
      },
      {
        "id": 62,
        "logprob": -5.2304688,
        "text": "L"
      },
      {
        "id": 44,
        "logprob": -3.1132812,
        "text": ":"
      },
      {
        "id": 1682,
        "logprob": -1.1083984,
        "text": " List"
      },
      {
        "id": 77,
        "logprob": -0.14294434,
        "text": "["
      },
      {
        "id": 1808,
        "logprob": -0.32177734,
        "text": "float"
      },
      {
        "id": 10794,
        "logprob": -2.8183594,
        "text": "]):"
      }
    ],
    "seed": 1,
    "tokens": [
      {
        "id": 284,
        "logprob": 0.0,
        "special": false,
        "text": "\n   "
      },
      {
        "id": 442,
        "logprob": -1.40625,
        "special": false,
        "text": " return"
      },
      {
        "id": 11665,
        "logprob": -0.09442139,
        "special": false,
        "text": " reduce"
      },
      {
        "id": 26,
        "logprob": 0.0,
        "special": false,
        "text": "("
      },
      {
        "id": 5962,
        "logprob": 0.0,
        "special": false,
        "text": "lambda"
      },
      {
        "id": 816,
        "logprob": 0.0,
        "special": false,
        "text": " x"
      },
      {
        "id": 30,
        "logprob": 0.0,
        "special": false,
        "text": ","
      },
      {
        "id": 533,
        "logprob": 0.0,
        "special": false,
        "text": " y"
      },
      {
        "id": 44,
        "logprob": 0.0,
        "special": false,
        "text": ":"
      },
      {
        "id": 816,
        "logprob": 0.0,
        "special": false,
        "text": " x"
      },
      {
        "id": 319,
        "logprob": -0.3869629,
        "special": false,
        "text": " *"
      },
      {
        "id": 533,
        "logprob": 0.0,
        "special": false,
        "text": " y"
      },
      {
        "id": 30,
        "logprob": 0.0,
        "special": false,
        "text": ","
      },
      {
        "id": 498,
        "logprob": 0.0,
        "special": false,
        "text": " L"
      },
      {
        "id": 27,
        "logprob": 0.0,
        "special": false,
        "text": ")"
      },
      {
        "id": 1115,
        "logprob": 0.0,
        "special": false,
        "text": " **"
      },
      {
        "id": 308,
        "logprob": 0.0,
        "special": false,
        "text": " ("
      },
      {
        "id": 35,
        "logprob": 0.0,
        "special": false,
        "text": "1"
      },
      {
        "id": 517,
        "logprob": -1.3134766,
        "special": false,
        "text": " /"
      },
      {
        "id": 2069,
        "logprob": 0.0,
        "special": false,
        "text": " len"
      }
    ],
    "top_tokens": null
  },
  "generated_text": "\n    return reduce(lambda x, y: x * y, L) ** (1 / len"
}
