{
  "details": {
    "best_of_sequences": null,
    "finish_reason": "length",
    "generated_tokens": 10,
    "prefill": [
      {
        "id": 17934,
        "logprob": null,
        "text": "Pour"
      },
      {
        "id": 49833,
        "logprob": -10.5859375,
        "text": " dég"
      },
      {
        "id": 21543,
        "logprob": -0.14794922,
        "text": "uster"
      },
      {
        "id": 447,
        "logprob": -1.9277344,
        "text": " un"
      },
      {
        "id": 46341,
        "logprob": -15.3203125,
        "text": " ort"
      },
      {
        "id": 35567,
        "logprob": -7.5664062,
        "text": "olan"
      },
      {
        "id": 15,
        "logprob": -1.3974609,
        "text": ","
      },
      {
        "id": 1669,
        "logprob": -1.5351562,
        "text": " il"
      },
      {
        "id": 11580,
        "logprob": -0.9423828,
        "text": " faut"
      },
      {
        "id": 3913,
        "logprob": -3.671875,
        "text": " tout"
      },
      {
        "id": 39261,
        "logprob": -1.5732422,
        "text": " d'abord"
      }
    ],
    "seed": 1,
    "tokens": [
      {
        "id": 2997,
        "logprob": -4.4101562,
        "special": false,
        "text": " vous"
      },
      {
        "id": 71256,
        "logprob": -5.421875,
        "special": false,
        "text": " retrouver"
      },
      {
        "id": 693,
        "logprob": -2.1738281,
        "special": false,
        "text": " à"
      },
      {
        "id": 366,
        "logprob": -1.5322266,
        "special": false,
        "text": " la"
      },
      {
        "id": 221398,
        "logprob": -2.6640625,
        "special": false,
        "text": " terrasse"
      },
      {
        "id": 1375,
        "logprob": -4.375,
        "special": false,
        "text": " pour"
      },
      {
        "id": 86887,
        "logprob": -4.8203125,
        "special": false,
        "text": " essayer"
      },
      {
        "id": 2155,
        "logprob": -2.7421875,
        "special": false,
        "text": " ce"
      },
      {
        "id": 5743,
        "logprob": -3.1757812,
        "special": false,
        "text": " jus"
      },
      {
        "id": 1479,
        "logprob": -3.3554688,
        "special": false,
        "text": " qui"
      }
    ],
    "top_tokens": null
  },
  "generated_text": " vous retrouver à la terrasse pour essayer ce jus qui"
}
