{
  "details": {
    "best_of_sequences": null,
    "finish_reason": "stop_sequence",
    "generated_tokens": 5,
    "prefill": [
      {
        "id": 128000,
        "logprob": null,
        "text": "<|begin_of_text|>"
      },
      {
        "id": 2323,
        "logprob": -9.6015625,
        "text": "Test"
      },
      {
        "id": 1715,
        "logprob": -10.515625,
        "text": " request"
      }
    ],
    "seed": 0,
    "tokens": [
      {
        "id": 25,
        "logprob": -0.81103516,
        "special": false,
        "text": ":"
      },
      {
        "id": 923,
        "logprob": -2.703125,
        "special": false,
        "text": " add"
      },
      {
        "id": 264,
        "logprob": 0.0,
        "special": false,
        "text": " a"
      },
      {
        "id": 330,
        "logprob": -0.1862793,
        "special": false,
        "text": " \""
      },
      {
        "id": 1985,
        "logprob": 0.0,
        "special": false,
        "text": "test"
      }
    ],
    "top_tokens": null
  },
  "generated_text": "Test request: add a \"test"
}
