{
  "details": {
    "best_of_sequences": null,
    "finish_reason": "length",
    "generated_tokens": 10,
    "prefill": [
      {
        "id": 128000,
        "logprob": null,
        "text": "<|begin_of_text|>"
      },
      {
        "id": 2323,
        "logprob": -9.6015625,
        "text": "Test"
      },
      {
        "id": 1715,
        "logprob": -10.515625,
        "text": " request"
      }
    ],
    "seed": null,
    "tokens": [
      {
        "id": 25,
        "logprob": -2.1914062,
        "special": false,
        "text": ":"
      },
      {
        "id": 220,
        "logprob": -3.7324219,
        "special": false,
        "text": " "
      },
      {
        "id": 16,
        "logprob": -2.2753906,
        "special": false,
        "text": "1"
      },
      {
        "id": 13,
        "logprob": -1.2070312,
        "special": false,
        "text": "."
      },
      {
        "id": 20,
        "logprob": -2.765625,
        "special": false,
        "text": "5"
      },
      {
        "id": 13,
        "logprob": -1.1884766,
        "special": false,
        "text": "."
      },
      {
        "id": 15,
        "logprob": -1.5126953,
        "special": false,
        "text": "0"
      },
      {
        "id": 12,
        "logprob": -2.078125,
        "special": false,
        "text": "-"
      },
      {
        "id": 1310,
        "logprob": -0.7158203,
        "special": false,
        "text": "rc"
      },
      {
        "id": 16,
        "logprob": -1.0234375,
        "special": false,
        "text": "1"
      }
    ],
    "top_tokens": null
  },
  "generated_text": ": 1.5.0-rc1"
}
