{
  "details": {
    "best_of_sequences": null,
    "finish_reason": "length",
    "generated_tokens": 10,
    "prefill": [
      {
        "id": 1,
        "logprob": null,
        "text": "<s>"
      },
      {
        "id": 3735,
        "logprob": -12.9140625,
        "text": "Test"
      },
      {
        "id": 2159,
        "logprob": -10.7578125,
        "text": "request"
      }
    ],
    "seed": 1,
    "tokens": [
      {
        "id": 28747,
        "logprob": 0.0,
        "special": false,
        "text": ":"
      },
      {
        "id": 3169,
        "logprob": -0.1307373,
        "special": false,
        "text": " Let"
      },
      {
        "id": 261,
        "logprob": -2.0078125,
        "special": false,
        "text": " t"
      },
      {
        "id": 28732,
        "logprob": -0.703125,
        "special": false,
        "text": "("
      },
      {
        "id": 28715,
        "logprob": -2.0019531,
        "special": false,
        "text": "d"
      },
      {
        "id": 28731,
        "logprob": 0.0,
        "special": false,
        "text": ")"
      },
      {
        "id": 327,
        "logprob": 0.0,
        "special": false,
        "text": " ="
      },
      {
        "id": 281,
        "logprob": -0.2849121,
        "special": false,
        "text": " d"
      },
      {
        "id": 348,
        "logprob": -0.6401367,
        "special": false,
        "text": "**"
      },
      {
        "id": 28770,
        "logprob": -0.66259766,
        "special": false,
        "text": "3"
      }
    ],
    "top_tokens": null
  },
  "generated_text": "Test request: Let t(d) = d**3"
}
