{
  "details": {
    "best_of_sequences": null,
    "finish_reason": "length",
    "generated_tokens": 10,
    "prefill": [
      {
        "id": 14402,
        "logprob": null,
        "text": "Test"
      },
      {
        "id": 2581,
        "logprob": -11.6171875,
        "text": " request"
      }
    ],
    "seed": 1,
    "tokens": [
      {
        "id": 284,
        "logprob": -0.19421387,
        "special": false,
        "text": " to"
      },
      {
        "id": 262,
        "logprob": -2.0957031,
        "special": false,
        "text": " the"
      },
      {
        "id": 7824,
        "logprob": 0.0,
        "special": false,
        "text": " API"
      },
      {
        "id": 198,
        "logprob": -1.4794922,
        "special": false,
        "text": "\n"
      },
      {
        "id": 50280,
        "logprob": 0.0,
        "special": false,
        "text": "        "
      },
      {
        "id": 37811,
        "logprob": 0.0,
        "special": false,
        "text": "\"\"\""
      },
      {
        "id": 628,
        "logprob": 0.0,
        "special": false,
        "text": "\n\n"
      },
      {
        "id": 50284,
        "logprob": 0.0,
        "special": false,
        "text": "    "
      },
      {
        "id": 4299,
        "logprob": 0.0,
        "special": false,
        "text": "def"
      },
      {
        "id": 1332,
        "logprob": -1.7158203,
        "special": false,
        "text": " test"
      }
    ],
    "top_tokens": null
  },
  "generated_text": "Test request to the API\n        \"\"\"\n\n    def test"
}
