{
  "details": {
    "best_of_sequences": null,
    "finish_reason": "length",
    "generated_tokens": 10,
    "prefill": [
      {
        "id": 1,
        "logprob": null,
        "text": "<s>"
      },
      {
        "id": 338,
        "logprob": -9.0859375,
        "text": "is"
      },
      {
        "id": 21784,
        "logprob": -10.90625,
        "text": "Deep"
      },
      {
        "id": 29257,
        "logprob": -2.65625,
        "text": "Learning"
      },
      {
        "id": 29973,
        "logprob": -4.8085938,
        "text": "?"
      }
    ],
    "seed": 1,
    "tokens": [
      {
        "id": 13,
        "logprob": -0.19958496,
        "special": false,
        "text": "\n"
      },
      {
        "id": 13,
        "logprob": -1.078125,
        "special": false,
        "text": "\n"
      },
      {
        "id": 20001,
        "logprob": -1.8847656,
        "special": false,
        "text": "Comment"
      },
      {
        "id": 29901,
        "logprob": 0.0,
        "special": false,
        "text": ":"
      },
      {
        "id": 306,
        "logprob": -0.31201172,
        "special": false,
        "text": " I"
      },
      {
        "id": 30010,
        "logprob": -0.077697754,
        "special": false,
        "text": "’"
      },
      {
        "id": 29885,
        "logprob": 0.0,
        "special": false,
        "text": "m"
      },
      {
        "id": 28931,
        "logprob": -0.14685059,
        "special": false,
        "text": " voting"
      },
      {
        "id": 304,
        "logprob": 0.0,
        "special": false,
        "text": " to"
      },
      {
        "id": 3802,
        "logprob": 0.0,
        "special": false,
        "text": " close"
      }
    ],
    "top_tokens": null
  },
  "generated_text": "What is Deep Learning?\n\nComment: I’m voting to close"
}
