{
  "details": {
    "best_of_sequences": null,
    "finish_reason": "length",
    "generated_tokens": 10,
    "prefill": [
      {
        "id": 5089,
        "logprob": null,
        "text": "Test"
      },
      {
        "id": 2748,
        "logprob": -9.7421875,
        "text": " request"
      }
    ],
    "seed": null,
    "tokens": [
      {
        "id": 187,
        "logprob": -2.4824219,
        "special": false,
        "text": "\n"
      },
      {
        "id": 187,
        "logprob": -2.4824219,
        "special": false,
        "text": "\n"
      },
      {
        "id": 50274,
        "logprob": -1.7880859,
        "special": false,
        "text": "    "
      },
      {
        "id": 92,
        "logprob": -2.0703125,
        "special": false,
        "text": "{"
      },
      {
        "id": 187,
        "logprob": -0.04827881,
        "special": false,
        "text": "\n"
      },
      {
        "id": 50270,
        "logprob": -0.18896484,
        "special": false,
        "text": "        "
      },
      {
        "id": 3,
        "logprob": -1.5234375,
        "special": false,
        "text": "\""
      },
      {
        "id": 9629,
        "logprob": -2.8203125,
        "special": false,
        "text": "request"
      },
      {
        "id": 1381,
        "logprob": -0.78759766,
        "special": false,
        "text": "\":"
      },
      {
        "id": 551,
        "logprob": -0.49169922,
        "special": false,
        "text": " {"
      }
    ],
    "top_tokens": null
  },
  "generated_text": "\n\n    {\n        \"request\": {"
}
