{
  "details": {
    "best_of_sequences": null,
    "finish_reason": "stop_sequence",
    "generated_tokens": 4,
    "prefill": [
      {
        "id": 1,
        "logprob": null,
        "text": "<s>"
      },
      {
        "id": 4321,
        "logprob": -8.6875,
        "text": "Test"
      },
      {
        "id": 2009,
        "logprob": -11.546875,
        "text": "request"
      }
    ],
    "seed": 1,
    "tokens": [
      {
        "id": 5229,
        "logprob": -2.5839844,
        "special": false,
        "text": " failed"
      },
      {
        "id": 13,
        "logprob": -1.4501953,
        "special": false,
        "text": "\n"
      },
      {
        "id": 1576,
        "logprob": -0.359375,
        "special": false,
        "text": "The"
      },
      {
        "id": 1243,
        "logprob": -0.7578125,
        "special": false,
        "text": " test"
      }
    ],
    "top_tokens": null
  },
  "generated_text": "Test request failed\nThe test"
}
