{
  "details": {
    "best_of_sequences": null,
    "finish_reason": "length",
    "generated_tokens": 10,
    "prefill": [
      {
        "id": 1,
        "logprob": null,
        "text": "<s>"
      },
      {
        "id": 21784,
        "logprob": -10.1875,
        "text": "Deep"
      },
      {
        "id": 29257,
        "logprob": -3.125,
        "text": "Learning"
      },
      {
        "id": 29973,
        "logprob": -7.5664062,
        "text": "?"
      },
      {
        "id": 29871,
        "logprob": -4.3984375,
        "text": ""
      }
    ],
    "seed": 1337,
    "tokens": [
      {
        "id": 243,
        "logprob": 0.0,
        "special": false,
        "text": ""
      },
      {
        "id": 162,
        "logprob": 0.0,
        "special": false,
        "text": ""
      },
      {
        "id": 170,
        "logprob": -1.0087891,
        "special": false,
        "text": ""
      },
      {
        "id": 163,
        "logprob": 0.0,
        "special": false,
        "text": "ðŸ§ "
      },
      {
        "id": 13,
        "logprob": 0.0,
        "special": false,
        "text": "\n"
      },
      {
        "id": 797,
        "logprob": -0.8491211,
        "special": false,
        "text": "In"
      },
      {
        "id": 278,
        "logprob": -0.4987793,
        "special": false,
        "text": " the"
      },
      {
        "id": 3030,
        "logprob": -2.4023438,
        "special": false,
        "text": " context"
      },
      {
        "id": 310,
        "logprob": 0.0,
        "special": false,
        "text": " of"
      },
      {
        "id": 319,
        "logprob": -0.45654297,
        "special": false,
        "text": " A"
      }
    ],
    "top_tokens": null
  },
  "generated_text": "What is Deep Learning? ðŸ§ \nIn the context of A"
}
