{
  "details": {
    "best_of_sequences": null,
    "finish_reason": "eos_token",
    "generated_tokens": 7,
    "prefill": [
      {
        "id": 0,
        "logprob": null,
        "text": "<pad>"
      }
    ],
    "seed": 1,
    "tokens": [
      {
        "id": 609,
        "logprob": -4.1875,
        "special": false,
        "text": " it"
      },
      {
        "id": 259,
        "logprob": -1.9609375,
        "special": false,
        "text": " "
      },
      {
        "id": 277,
        "logprob": -3.15625,
        "special": false,
        "text": "'"
      },
      {
        "id": 263,
        "logprob": 0.0,
        "special": false,
        "text": "s"
      },
      {
        "id": 16017,
        "logprob": -2.0,
        "special": false,
        "text": " blue"
      },
      {
        "id": 260,
        "logprob": -1.9638672,
        "special": false,
        "text": "."
      },
      {
        "id": 1,
        "logprob": 0.0,
        "special": true,
        "text": "</s>"
      }
    ],
    "top_tokens": null
  },
  "generated_text": "it's blue."
}
