{
  "details": {
    "best_of_sequences": null,
    "finish_reason": "eos_token",
    "generated_tokens": 9,
    "prefill": [
      {
        "id": 0,
        "logprob": null,
        "text": "<pad>"
      }
    ],
    "seed": 1,
    "tokens": [
      {
        "id": 16017,
        "logprob": -0.3112793,
        "special": false,
        "text": " blue"
      },
      {
        "id": 20495,
        "logprob": 0.0,
        "special": false,
        "text": " sky"
      },
      {
        "id": 305,
        "logprob": -1.8779297,
        "special": false,
        "text": " and"
      },
      {
        "id": 259,
        "logprob": -0.91503906,
        "special": false,
        "text": " "
      },
      {
        "id": 262,
        "logprob": -1.1533203,
        "special": false,
        "text": "a"
      },
      {
        "id": 35622,
        "logprob": -0.47705078,
        "special": false,
        "text": " cloud"
      },
      {
        "id": 276,
        "logprob": 0.0,
        "special": false,
        "text": "y"
      },
      {
        "id": 20495,
        "logprob": 0.0,
        "special": false,
        "text": " sky"
      },
      {
        "id": 1,
        "logprob": 0.0,
        "special": true,
        "text": "</s>"
      }
    ],
    "top_tokens": null
  },
  "generated_text": "Why is the sky blue?blue sky and a cloudy sky"
}
