{
  "details": {
    "best_of_sequences": null,
    "finish_reason": "length",
    "generated_tokens": 10,
    "prefill": [
      {
        "id": 1,
        "logprob": null,
        "text": "<s>"
      },
      {
        "id": 4321,
        "logprob": -9.7890625,
        "text": "Test"
      },
      {
        "id": 2009,
        "logprob": -9.625,
        "text": "request"
      }
    ],
    "seed": 1,
    "tokens": [
      {
        "id": 29899,
        "logprob": -1.5234375,
        "special": false,
        "text": "-"
      },
      {
        "id": 1454,
        "logprob": -0.20019531,
        "special": false,
        "text": "for"
      },
      {
        "id": 29899,
        "logprob": 0.0,
        "special": false,
        "text": "-"
      },
      {
        "id": 9342,
        "logprob": 0.0,
        "special": false,
        "text": "comment"
      },
      {
        "id": 29901,
        "logprob": 0.0,
        "special": false,
        "text": ":"
      },
      {
        "id": 396,
        "logprob": -0.27392578,
        "special": false,
        "text": " #"
      },
      {
        "id": 29946,
        "logprob": -2.0761719,
        "special": false,
        "text": "4"
      },
      {
        "id": 29945,
        "logprob": -0.8120117,
        "special": false,
        "text": "5"
      },
      {
        "id": 29953,
        "logprob": -0.78271484,
        "special": false,
        "text": "6"
      },
      {
        "id": 29929,
        "logprob": -0.5830078,
        "special": false,
        "text": "9"
      }
    ],
    "top_tokens": null
  },
  "generated_text": "Test request-for-comment: #4569"
}
